4-ARM ERROR RATES BY METHOD:
unknown: 174/342 (50.9%)
  - 1: In the code, line 57, in __call__, the following error occurred:
IndexError: index 0 is out of bound...
  - 107: Evaluation timed out after 300 seconds....
  - 1: In the code, line 39, in orthogonal_learning, the following error occurred:
TypeError: '<' not suppo...
  - 3: In the code, line 113, in _clip, the following error occurred:
ValueError: operands could not be bro...
  - 1: In the code, line 37, in __call__, the following error occurred:
ValueError: operands could not be b...
  - 1: In the code, line 71, in __call__, the following error occurred:
ValueError: setting an array elemen...
  - 1: In the code, line 88, in <lambda>, the following error occurred:
NameError: name 'func' is not defin...
  - 1: Validation failed: Forbidden import: 'scipy.optimize' is not available in the evaluation environment...
  - 1: In the code, line 71, in __call__, the following error occurred:
UnboundLocalError: cannot access lo...
  - 1: In the code, line 42, in __call__, the following error occurred:
AttributeError: 'AdaptiveMemoryDE' ...
  - 1: In the code, line 53, in __call__, the following error occurred:
IndexError: index 29 is out of boun...
  - 1: In the code, line 126, in orthogonal_learning, the following error occurred:
ValueError: setting an ...
  - 1: In the code, line 49, in orthogonal_crossover, the following error occurred:
NameError: name 'func' ...
  - 1: In the code, line 41, in __call__, the following error occurred:
ValueError: operands could not be b...
  - 1: In the code, line 128, in generate_orthogonal_design, the following error occurred:
ValueError: oper...
  - 1: In the code, line 38, in __call__, the following error occurred:
AttributeError: 'ioh.iohcpp.RealBou...
  - 1: In the code, line 38, in __call__, the following error occurred:
IndexError: index 44 is out of boun...
  - 1: In the code, line 80, in orthogonal_crossover, the following error occurred:
ValueError: operands co...
  - 1: In the code, line 37, in __call__, the following error occurred:
ValueError: operands could not be b...
  - 1: In the code, line 108, in check_diversity, the following error occurred:
NameError: name 'func' is n...
  - 1: In the code, line 64, in <listcomp>, the following error occurred:
IndexError: list index out of ran...
  - 1: In the code, line 51, in __call__, the following error occurred:
ValueError: operands could not be b...
  - 1: In the code, line 113, in _clip, the following error occurred:
ValueError: operands could not be bro...
  - 1: In the code, line 85, in __call__, the following error occurred:
ValueError: operands could not be b...
  - 1: In the code, line 63, in __call__, the following error occurred:
IndexError: list assignment index o...
  - 1: In the code, line 90, in __call__, the following error occurred:
ValueError: setting an array elemen...
  - 1: In the code, line 247, in numpy.random._common.validate_output_shape, the following error occurred:
...
  - 1: In the code, line 98, in __call__, the following error occurred:
ValueError: The truth value of an a...
  - 1: In the code, line 89, in __call__, the following error occurred:
ValueError: operands could not be b...
  - 1: In the code, line 86, in __call__, the following error occurred:
ValueError: setting an array elemen...
  - 1: In the code, line 42, in orthogonal_learning, the following error occurred:
ValueError: operands cou...
  - 1: In the code, line 91, in __call__, the following error occurred:
IndexError: index 51 is out of boun...
  - 1: In the code, line 24, in __call__, the following error occurred:
IndexError: too many indices for ar...
  - 1: In the code, line 25, in sample, the following error occurred:
ValueError: operands could not be bro...
  - 1: Validation failed: Forbidden import: 'sklearn' is not available in the evaluation environment...
  - 1: In the code, line 139, in <listcomp>, the following error occurred:
AttributeError: 'ioh.iohcpp.prob...
  - 4: In the code, line 148, in _raise_linalgerror_nonposdef, the following error occurred:
LinAlgError: M...
  - 1: In the code, line 40, in __call__, the following error occurred:
ValueError: operands could not be b...
  - 1: In the code, line 107, in __call__, the following error occurred:
AttributeError: 'RobustOrthogonalE...
  - 1: In the code, line 56, in __call__, the following error occurred:
ValueError: operands could not be b...
  - 1: In the code, line 30, in __call__, the following error occurred:
ValueError: operands could not be b...
  - 1: In the code, line 34, in __call__, the following error occurred:
ValueError: operands could not be b...
  - 1: In the code, line 53, in __call__, the following error occurred:
ValueError: operands could not be b...
  - 1: In the code, line 526, in numpy.random._common.cont_broadcast_2, the following error occurred:
Value...
  - 1: In the code, line 42, in __call__, the following error occurred:
ValueError: operands could not be b...
  - 1: In the code, line 84, in __call__, the following error occurred:
AttributeError: 'AdaptiveCMAES' obj...
  - 1: In the code, line 89, in __call__, the following error occurred:
AttributeError: 'AdaptiveMirroredOr...
  - 1: In the code, line 54, in __call__, the following error occurred:
ValueError: operands could not be b...
  - 1: In the code, line 49, in __call__, the following error occurred:
ValueError: operands could not be b...
  - 1: In the code, line 53, in __call__, the following error occurred:
ValueError: operands could not be b...
  - 1: In the code, line 40, in __call__, the following error occurred:
ValueError: operands could not be b...
  - 1: In the code, line 49, in __call__, the following error occurred:
ValueError: operands could not be b...
  - 1: In the code, line 97, in __call__, the following error occurred:
NameError: name 'sigma_init' is not...
  - 1: In the code, line 48, in __call__, the following error occurred:
ValueError: operands could not be b...
  - 1: In the code, line 60, in __call__, the following error occurred:
ValueError: shapes (20,20) and (21,...
  - 1: In the code, line 46, in __call__, the following error occurred:
NameError: name 'dim' is not define...
  - 1: In the code, line 382, in _broadcast_to, the following error occurred:
ValueError: operands could no...
  - 1: In the code, line 49, in <listcomp>, the following error occurred:
IndexError: index 2 is out of bou...
  - 1: In the code, line 62, in __call__, the following error occurred:
AttributeError: 'AdaptiveCMAES' obj...
  - 1: In the code, line 67, in __call__, the following error occurred:
ValueError: operands could not be b...
  - 1: In the code, line 113, in _clip, the following error occurred:
ValueError: operands could not be bro...
  - 1: In the code, line 995, in numpy.random.mtrand.RandomState.choice, the following error occurred:
Valu...
  - 1: In the code, line 74, in __call__, the following error occurred:
ValueError: operands could not be b...

===================
3-ARM ERROR RATES BY METHOD:
unknown: 619/1808 (34.2%)
  - 419: Evaluation timed out after 300 seconds....
  - 1: In the code, line 41, in __call__, the following error occurred:
ValueError: The truth value of an a...
  - 1: In the code, line 48, in __call__, the following error occurred:
ValueError: setting an array elemen...
  - 1: In the code, line 84, in __call__, the following error occurred:
ValueError: setting an array elemen...
  - 3: In the code, line 2885, in numpy.random._bounded_integers._rand_int32, the following error occurred:...
  - 1: In the code, line 22, in __call__, the following error occurred:
IndexError: too many indices for ar...
  - 1: In the code, line 52, in __call__, the following error occurred:
ValueError: The truth value of an a...
  - 5: In the code, line 1025, in numpy.random.mtrand.RandomState.choice, the following error occurred:
Val...
  - 1: In the code, line 15, in mirrored_bounds, the following error occurred:
ValueError: The truth value ...
  - 1: In the code, line 47, in __call__, the following error occurred:
ValueError: setting an array elemen...
  - 1: In the code, line 39, in __call__, the following error occurred:
ValueError: operands could not be b...
  - 15: Validation failed: Forbidden import: 'scipy.optimize' is not available in the evaluation environment...
  - 1: In the code, line 51, in __call__, the following error occurred:
AttributeError: module 'numpy.rando...
  - 1: In the code, line 52, in __call__, the following error occurred:
ValueError: setting an array elemen...
  - 1: In the code, line 151, in evaluate, the following error occurred:
TypeError: CMAES_Archive.__init__(...
  - 1: In the code, line 84, in __call__, the following error occurred:
IndexError: index 49 is out of boun...
  - 1: In the code, line 43, in crossover, the following error occurred:
IndexError: list index out of rang...
  - 1: In the code, line 37, in adjust_parameters, the following error occurred:
NameError: name 'func' is ...
  - 1: In the code, line 48, in __call__, the following error occurred:
ValueError: operands could not be b...
  - 1: In the code, line 999, in numpy.random.mtrand.RandomState.choice, the following error occurred:
Valu...
  - 6: In the code, line 148, in _raise_linalgerror_nonposdef, the following error occurred:
LinAlgError: M...
  - 1: In the code, line 62, in __call__, the following error occurred:
IndexError: too many indices for ar...
  - 1: In the code, line 82, in __call__, the following error occurred:
IndexError: only integers, slices (...
  - 1: In the code, line 39, in __call__, the following error occurred:
IndexError: index 2 is out of bound...
  - 1: In the code, line 41, in __call__, the following error occurred:
IndexError: index 2 is out of bound...
  - 1: In the code, line 66, in __call__, the following error occurred:
ValueError: operands could not be b...
  - 1: In the code, line 45, in __call__, the following error occurred:
IndexError: index 2 is out of bound...
  - 1: In the code, line 58, in __call__, the following error occurred:
ValueError: operands could not be b...
  - 1: In the code, line 38, in orthogonal_sampling, the following error occurred:
ValueError: operands cou...
  - 1: In the code, line 80, in __call__, the following error occurred:
ValueError: could not broadcast inp...
  - 1: In the code, line 49, in __call__, the following error occurred:
IndexError: index 2 is out of bound...
  - 1: In the code, line 68, in __call__, the following error occurred:
ValueError: operands could not be b...
  - 1: In the code, line 44, in __call__, the following error occurred:
AttributeError: 'CMAES' object has ...
  - 1: In the code, line 36, in __call__, the following error occurred:
ValueError: operands could not be b...
  - 1: In the code, line 29, in __call__, the following error occurred:
TypeError: unsupported operand type...
  - 7: Validation failed: Forbidden import: 'sklearn' is not available in the evaluation environment...
  - 1: In the code, line 30, in __call__, the following error occurred:
IndexError: index 2 is out of bound...
  - 1: In the code, line 35, in __call__, the following error occurred:
ValueError: operands could not be b...
  - 1: In the code, line 56, in __call__, the following error occurred:
IndexError: too many indices for ar...
  - 1: In the code, line 18, in __call__, the following error occurred:
NameError: name 'x' is not defined
...
  - 1: In the code, line 53, in __call__, the following error occurred:
ValueError: setting an array elemen...
  - 1: In the code, line 47, in sample_population, the following error occurred:
ValueError: operands could...
  - 1: In the code, line 68, in __call__, the following error occurred:
ZeroDivisionError: division by zero...
  - 1: In the code, line 67, in __call__, the following error occurred:
ValueError: operands could not be b...
  - 1: In the code, line 36, in pso_update, the following error occurred:
NameError: name 'func' is not def...
  - 2: In the code, line 2419, in sum, the following error occurred:
TypeError: Calling np.sum(generator) i...
  - 6: In the code, line 113, in _clip, the following error occurred:
ValueError: operands could not be bro...
  - 1: In the code, line 47, in generate_orthogonal_array, the following error occurred:
ValueError: Unsupp...
  - 1: In the code, line 89, in evolve, the following error occurred:
ValueError: operands could not be bro...
  - 1: In the code, line 151, in evaluate, the following error occurred:
TypeError: CMAES_Archive.__init__(...
  - 1: In the code, line 29, in __call__, the following error occurred:
ValueError: setting an array elemen...
  - 2: In the code, line 995, in numpy.random.mtrand.RandomState.choice, the following error occurred:
Valu...
  - 1: In the code, line 32, in __call__, the following error occurred:
ValueError: setting an array elemen...
  - 1: In the code, line 56, in __call__, the following error occurred:
ValueError: The truth value of an a...
  - 1: In the code, line 24, in <listcomp>, the following error occurred:
NameError: name 'func' is not def...
  - 1: In the code, line 53, in __call__, the following error occurred:
ValueError: operands could not be b...
  - 1: In the code, line 33, in __call__, the following error occurred:
NameError: name 'current_current_lb...
  - 1: In the code, line 55, in __call__, the following error occurred:
ValueError: setting an array elemen...
  - 3: In the code, line 784, in numpy.PyArray_MultiIterNew3, the following error occurred:
ValueError: sha...
  - 1: In the code, line 47, in de_mutation, the following error occurred:
NameError: name 'func' is not de...
  - 6: In the code, line 432, in numpy.random._common.check_constraint, the following error occurred:
Value...
  - 1: In the code, line 73, in __call__, the following error occurred:
ValueError: operands could not be b...
  - 1: In the code, line 654, in numpy.random._common.cont, the following error occurred:
TypeError: expect...
  - 1: In the code, line 654, in numpy.random._common.cont, the following error occurred:
TypeError: expect...
  - 1: In the code, line 21, in __call__, the following error occurred:
IndexError: too many indices for ar...
  - 1: In the code, line 77, in __call__, the following error occurred:
ValueError: operands could not be b...
  - 1: In the code, line 50, in __call__, the following error occurred:
ValueError: setting an array elemen...
  - 1: In the code, line 44, in __call__, the following error occurred:
ValueError: setting an array elemen...
  - 1: In the code, line 57, in __call__, the following error occurred:
ValueError: operands could not be b...
  - 1: In the code, line 45, in __call__, the following error occurred:
IndexError: index 66 is out of boun...
  - 1: In the code, line 80, in __call__, the following error occurred:
NameError: name 'budget' is not def...
  - 1: In the code, line 56, in __call__, the following error occurred:
ValueError: operands could not be b...
  - 1: In the code, line 39, in __call__, the following error occurred:
ValueError: operands could not be b...
  - 2: In the code, line 20, in __call__, the following error occurred:
IndexError: too many indices for ar...
  - 1: In the code, line 50, in __call__, the following error occurred:
IndexError: index 3 is out of bound...
  - 1: In the code, line 62, in __call__, the following error occurred:
ValueError: setting an array elemen...
  - 2: Validation failed: Syntax error at line 16: closing parenthesis ']' does not match opening parenthes...
  - 1: Validation failed: Syntax error at line 30: keyword argument repeated: replace...
  - 1: In the code, line 52, in __call__, the following error occurred:
ValueError: operands could not be b...
  - 1: In the code, line 30, in _orthogonal_sample, the following error occurred:
IndexError: index 2 is ou...
  - 1: In the code, line 81, in orthogonal_learning, the following error occurred:
ValueError: could not br...
  - 1: Validation failed: Syntax error at line 90: Generator expression must be parenthesized...
  - 1: In the code, line 40, in __call__, the following error occurred:
ValueError: shape mismatch: value a...
  - 1: In the code, line 61, in __call__, the following error occurred:
ValueError: The truth value of an a...
  - 1: In the code, line 38, in __call__, the following error occurred:
ValueError: operands could not be b...
  - 1: In the code, line 48, in __call__, the following error occurred:
IndexError: index 27 is out of boun...
  - 1: In the code, line 43, in __call__, the following error occurred:
ValueError: operands could not be b...
  - 1: In the code, line 38, in __call__, the following error occurred:
ValueError: operands could not be b...
  - 1: In the code, line 45, in __call__, the following error occurred:
ValueError: operands could not be b...
  - 1: In the code, line 43, in __call__, the following error occurred:
ValueError: The truth value of an a...
  - 1: In the code, line 41, in __call__, the following error occurred:
ValueError: operands could not be b...
  - 2: In the code, line 805, in __getattr__, the following error occurred:
AttributeError: module 'numpy' ...
  - 1: In the code, line 19, in _arr_to_scalar, the following error occurred:
ValueError: can only convert ...
  - 1: In the code, line 145, in _raise_linalgerror_singular, the following error occurred:
LinAlgError: Si...
  - 1: In the code, line 39, in __call__, the following error occurred:
IndexError: index 2 is out of bound...
  - 2: In the code, line 151, in _raise_linalgerror_eigenvalues_nonconvergence, the following error occurre...
  - 1: In the code, line 50, in __call__, the following error occurred:
IndexError: index 21 is out of boun...
  - 1: In the code, line 38, in __call__, the following error occurred:
ValueError: setting an array elemen...
  - 1: In the code, line 446, in old_bound_to_new, the following error occurred:
TypeError: zip() argument ...
  - 1: In the code, line 67, in __call__, the following error occurred:
ValueError: The truth value of an a...
  - 1: In the code, line 49, in __call__, the following error occurred:
ValueError: operands could not be b...
  - 1: In the code, line 69, in __call__, the following error occurred:
IndexError: too many indices for ar...
  - 1: In the code, line 971, in numpy.random.mtrand.RandomState.choice, the following error occurred:
Valu...
  - 2: In the code, line 154, in _raise_linalgerror_svd_nonconvergence, the following error occurred:
LinAl...
  - 1: In the code, line 86, in check_restart, the following error occurred:
NameError: name 'func' is not ...
  - 1: In the code, line 74, in __call__, the following error occurred:
ValueError: operands could not be b...
  - 1: In the code, line 54, in __call__, the following error occurred:
IndexError: index 0 is out of bound...
  - 1: In the code, line 42, in __call__, the following error occurred:
TypeError: only integer scalar arra...
  - 1: In the code, line 969, in numpy.random.mtrand.RandomState.choice, the following error occurred:
Valu...
  - 1: In the code, line 86, in increase_population, the following error occurred:
NameError: name 'func' i...
  - 1: In the code, line 33, in __call__, the following error occurred:
IndexError: index 41 is out of boun...
  - 1: In the code, line 961, in numpy.random.mtrand.RandomState.choice, the following error occurred:
Valu...
  - 1: In the code, line 95, in adjust_population, the following error occurred:
ValueError: could not broa...
  - 1: In the code, line 61, in __call__, the following error occurred:
ValueError: The truth value of an a...
  - 1: In the code, line 66, in __call__, the following error occurred:
ValueError: The truth value of an a...
  - 2: In the code, line 48, in __call__, the following error occurred:
IndexError: index 51 is out of boun...
  - 1: In the code, line 78, in __call__, the following error occurred:
ValueError: setting an array elemen...
  - 1: In the code, line 76, in adjust_population_size, the following error occurred:
NameError: name 'func...
  - 1: Validation failed: Syntax error at line 20: closing parenthesis ']' does not match opening parenthes...
  - 1: In the code, line 45, in __call__, the following error occurred:
ValueError: NumPy boolean array ind...
  - 1: In the code, line 50, in __call__, the following error occurred:
ValueError: The truth value of an a...
  - 1: In the code, line 46, in __call__, the following error occurred:
ValueError: setting an array elemen...
  - 1: In the code, line 86, in __call__, the following error occurred:
IndexError: index 1 is out of bound...
  - 1: In the code, line 39, in orthogonal_design, the following error occurred:
ValueError: setting an arr...
  - 1: In the code, line 20, in __init__, the following error occurred:
NameError: name 'func' is not defin...
  - 1: In the code, line 49, in evolve, the following error occurred:
IndexError: index 52 is out of bounds...
  - 1: Validation failed: Syntax error at line 14: closing parenthesis ']' does not match opening parenthes...
  - 1: In the code, line 58, in __call__, the following error occurred:
ValueError: operands could not be b...
  - 4: In the code, line 526, in numpy.random._common.cont_broadcast_2, the following error occurred:
Value...
  - 1: In the code, line 76, in mutation_DE_best1, the following error occurred:
NameError: name 'fitness' ...
  - 1: In the code, line 76, in _orthogonal_diversification, the following error occurred:
ValueError: sett...
  - 1: In the code, line 61, in __call__, the following error occurred:
ValueError: The truth value of an a...
  - 1: In the code, line 65, in __call__, the following error occurred:
IndexError: too many indices for ar...
  - 1: In the code, line 43, in __call__, the following error occurred:
IndexError: index 34 is out of boun...
  - 1: In the code, line 247, in numpy.random._common.validate_output_shape, the following error occurred:
...
  - 1: In the code, line 113, in _clip, the following error occurred:
ValueError: operands could not be bro...
  - 1: In the code, line 73, in __call__, the following error occurred:
ValueError: setting an array elemen...
  - 1: In the code, line 37, in __call__, the following error occurred:
IndexError: index 12 is out of boun...
  - 1: In the code, line 48, in __call__, the following error occurred:
ValueError: The truth value of an a...
  - 1: In the code, line 79, in deposit_pheromone, the following error occurred:
NameError: name 'func' is ...
  - 1: In the code, line 247, in numpy.random._common.validate_output_shape, the following error occurred:
...
  - 1: Validation failed: Syntax error at line 23: invalid syntax...
  - 1: In the code, line 51, in initialize_population, the following error occurred:
ValueError: operands c...
  - 1: In the code, line 99, in __call__, the following error occurred:
ValueError: operands could not be b...
  - 1: In the code, line 24, in initialize_population, the following error occurred:
IndexError: too many i...
  - 1: In the code, line 24, in initialize_population, the following error occurred:
IndexError: too many i...
  - 1: In the code, line 50, in __call_func, the following error occurred:
ValueError: Function 'func' must...
